
===========================================================================
report_checks -path_delay min (Hold)
============================================================================
======================= nom_ff_n40C_1v95 Corner ===================================

Startpoint: a[0] (input port clocked by clk)
Endpoint: sum[0] (output port clocked by clk)
Path Group: clk
Path Type: min

Fanout         Cap        Slew       Delay        Time   Description
---------------------------------------------------------------------------------------------
                      0.000000    0.000000    0.000000   clock clk (rise edge)
                                  0.000000    0.000000   clock network delay (ideal)
                                  5.000000    5.000000 ^ input external delay
     2    0.010041    0.039598    0.025129    5.025129 ^ a[0] (in)
                                                         a[0] (net)
                      0.039598    0.000000    5.025129 ^ _0_/B (sky130_fd_sc_hd__xor2_2)
     1    0.033442    0.071879    0.089839    5.114968 v _0_/X (sky130_fd_sc_hd__xor2_2)
                                                         sum[0] (net)
                      0.071879    0.000000    5.114968 v sum[0] (out)
                                              5.114968   data arrival time

                      0.000000    0.000000    0.000000   clock clk (rise edge)
                                  0.000000    0.000000   clock network delay (ideal)
                                  0.250000    0.250000   clock uncertainty
                                  0.000000    0.250000   clock reconvergence pessimism
                                 -5.000000   -4.750000   output external delay
                                             -4.750000   data required time
---------------------------------------------------------------------------------------------
                                             -4.750000   data required time
                                             -5.114968   data arrival time
---------------------------------------------------------------------------------------------
                                              9.864967   slack (MET)


Startpoint: a[1] (input port clocked by clk)
Endpoint: sum[1] (output port clocked by clk)
Path Group: clk
Path Type: min

Fanout         Cap        Slew       Delay        Time   Description
---------------------------------------------------------------------------------------------
                      0.000000    0.000000    0.000000   clock clk (rise edge)
                                  0.000000    0.000000   clock network delay (ideal)
                                  5.000000    5.000000 ^ input external delay
     2    0.010041    0.039598    0.025129    5.025129 ^ a[1] (in)
                                                         a[1] (net)
                      0.039598    0.000000    5.025129 ^ _2_/B (sky130_fd_sc_hd__xor2_2)
     1    0.033442    0.071879    0.089839    5.114968 v _2_/X (sky130_fd_sc_hd__xor2_2)
                                                         sum[1] (net)
                      0.071879    0.000000    5.114968 v sum[1] (out)
                                              5.114968   data arrival time

                      0.000000    0.000000    0.000000   clock clk (rise edge)
                                  0.000000    0.000000   clock network delay (ideal)
                                  0.250000    0.250000   clock uncertainty
                                  0.000000    0.250000   clock reconvergence pessimism
                                 -5.000000   -4.750000   output external delay
                                             -4.750000   data required time
---------------------------------------------------------------------------------------------
                                             -4.750000   data required time
                                             -5.114968   data arrival time
---------------------------------------------------------------------------------------------
                                              9.864967   slack (MET)


Startpoint: a[2] (input port clocked by clk)
Endpoint: sum[2] (output port clocked by clk)
Path Group: clk
Path Type: min

Fanout         Cap        Slew       Delay        Time   Description
---------------------------------------------------------------------------------------------
                      0.000000    0.000000    0.000000   clock clk (rise edge)
                                  0.000000    0.000000   clock network delay (ideal)
                                  5.000000    5.000000 ^ input external delay
     2    0.010041    0.039598    0.025129    5.025129 ^ a[2] (in)
                                                         a[2] (net)
                      0.039598    0.000000    5.025129 ^ _4_/B (sky130_fd_sc_hd__xor2_2)
     1    0.033442    0.071879    0.089839    5.114968 v _4_/X (sky130_fd_sc_hd__xor2_2)
                                                         sum[2] (net)
                      0.071879    0.000000    5.114968 v sum[2] (out)
                                              5.114968   data arrival time

                      0.000000    0.000000    0.000000   clock clk (rise edge)
                                  0.000000    0.000000   clock network delay (ideal)
                                  0.250000    0.250000   clock uncertainty
                                  0.000000    0.250000   clock reconvergence pessimism
                                 -5.000000   -4.750000   output external delay
                                             -4.750000   data required time
---------------------------------------------------------------------------------------------
                                             -4.750000   data required time
                                             -5.114968   data arrival time
---------------------------------------------------------------------------------------------
                                              9.864967   slack (MET)


Startpoint: a[3] (input port clocked by clk)
Endpoint: sum[3] (output port clocked by clk)
Path Group: clk
Path Type: min

Fanout         Cap        Slew       Delay        Time   Description
---------------------------------------------------------------------------------------------
                      0.000000    0.000000    0.000000   clock clk (rise edge)
                                  0.000000    0.000000   clock network delay (ideal)
                                  5.000000    5.000000 ^ input external delay
     2    0.010041    0.039598    0.025129    5.025129 ^ a[3] (in)
                                                         a[3] (net)
                      0.039598    0.000000    5.025129 ^ _6_/B (sky130_fd_sc_hd__xor2_2)
     1    0.033442    0.071879    0.089839    5.114968 v _6_/X (sky130_fd_sc_hd__xor2_2)
                                                         sum[3] (net)
                      0.071879    0.000000    5.114968 v sum[3] (out)
                                              5.114968   data arrival time

                      0.000000    0.000000    0.000000   clock clk (rise edge)
                                  0.000000    0.000000   clock network delay (ideal)
                                  0.250000    0.250000   clock uncertainty
                                  0.000000    0.250000   clock reconvergence pessimism
                                 -5.000000   -4.750000   output external delay
                                             -4.750000   data required time
---------------------------------------------------------------------------------------------
                                             -4.750000   data required time
                                             -5.114968   data arrival time
---------------------------------------------------------------------------------------------
                                              9.864967   slack (MET)


Startpoint: b[0] (input port clocked by clk)
Endpoint: Cout[0] (output port clocked by clk)
Path Group: clk
Path Type: min

Fanout         Cap        Slew       Delay        Time   Description
---------------------------------------------------------------------------------------------
                      0.000000    0.000000    0.000000   clock clk (rise edge)
                                  0.000000    0.000000   clock network delay (ideal)
                                  5.000000    5.000000 v input external delay
     2    0.010063    0.016550    0.009911    5.009911 v b[0] (in)
                                                         b[0] (net)
                      0.016550    0.000000    5.009911 v _7_/A (sky130_fd_sc_hd__and2_2)
     1    0.033442    0.070784    0.148855    5.158766 v _7_/X (sky130_fd_sc_hd__and2_2)
                                                         Cout[0] (net)
                      0.070784    0.000000    5.158766 v Cout[0] (out)
                                              5.158766   data arrival time

                      0.000000    0.000000    0.000000   clock clk (rise edge)
                                  0.000000    0.000000   clock network delay (ideal)
                                  0.250000    0.250000   clock uncertainty
                                  0.000000    0.250000   clock reconvergence pessimism
                                 -5.000000   -4.750000   output external delay
                                             -4.750000   data required time
---------------------------------------------------------------------------------------------
                                             -4.750000   data required time
                                             -5.158766   data arrival time
---------------------------------------------------------------------------------------------
                                              9.908766   slack (MET)


Startpoint: b[1] (input port clocked by clk)
Endpoint: Cout[1] (output port clocked by clk)
Path Group: clk
Path Type: min

Fanout         Cap        Slew       Delay        Time   Description
---------------------------------------------------------------------------------------------
                      0.000000    0.000000    0.000000   clock clk (rise edge)
                                  0.000000    0.000000   clock network delay (ideal)
                                  5.000000    5.000000 v input external delay
     2    0.010063    0.016550    0.009911    5.009911 v b[1] (in)
                                                         b[1] (net)
                      0.016550    0.000000    5.009911 v _1_/A (sky130_fd_sc_hd__and2_2)
     1    0.033442    0.070784    0.148855    5.158766 v _1_/X (sky130_fd_sc_hd__and2_2)
                                                         Cout[1] (net)
                      0.070784    0.000000    5.158766 v Cout[1] (out)
                                              5.158766   data arrival time

                      0.000000    0.000000    0.000000   clock clk (rise edge)
                                  0.000000    0.000000   clock network delay (ideal)
                                  0.250000    0.250000   clock uncertainty
                                  0.000000    0.250000   clock reconvergence pessimism
                                 -5.000000   -4.750000   output external delay
                                             -4.750000   data required time
---------------------------------------------------------------------------------------------
                                             -4.750000   data required time
                                             -5.158766   data arrival time
---------------------------------------------------------------------------------------------
                                              9.908766   slack (MET)


Startpoint: b[2] (input port clocked by clk)
Endpoint: Cout[2] (output port clocked by clk)
Path Group: clk
Path Type: min

Fanout         Cap        Slew       Delay        Time   Description
---------------------------------------------------------------------------------------------
                      0.000000    0.000000    0.000000   clock clk (rise edge)
                                  0.000000    0.000000   clock network delay (ideal)
                                  5.000000    5.000000 v input external delay
     2    0.010063    0.016550    0.009911    5.009911 v b[2] (in)
                                                         b[2] (net)
                      0.016550    0.000000    5.009911 v _3_/A (sky130_fd_sc_hd__and2_2)
     1    0.033442    0.070784    0.148855    5.158766 v _3_/X (sky130_fd_sc_hd__and2_2)
                                                         Cout[2] (net)
                      0.070784    0.000000    5.158766 v Cout[2] (out)
                                              5.158766   data arrival time

                      0.000000    0.000000    0.000000   clock clk (rise edge)
                                  0.000000    0.000000   clock network delay (ideal)
                                  0.250000    0.250000   clock uncertainty
                                  0.000000    0.250000   clock reconvergence pessimism
                                 -5.000000   -4.750000   output external delay
                                             -4.750000   data required time
---------------------------------------------------------------------------------------------
                                             -4.750000   data required time
                                             -5.158766   data arrival time
---------------------------------------------------------------------------------------------
                                              9.908766   slack (MET)


Startpoint: b[3] (input port clocked by clk)
Endpoint: Cout[3] (output port clocked by clk)
Path Group: clk
Path Type: min

Fanout         Cap        Slew       Delay        Time   Description
---------------------------------------------------------------------------------------------
                      0.000000    0.000000    0.000000   clock clk (rise edge)
                                  0.000000    0.000000   clock network delay (ideal)
                                  5.000000    5.000000 v input external delay
     2    0.010063    0.016550    0.009911    5.009911 v b[3] (in)
                                                         b[3] (net)
                      0.016550    0.000000    5.009911 v _5_/A (sky130_fd_sc_hd__and2_2)
     1    0.033442    0.070784    0.148855    5.158766 v _5_/X (sky130_fd_sc_hd__and2_2)
                                                         Cout[3] (net)
                      0.070784    0.000000    5.158766 v Cout[3] (out)
                                              5.158766   data arrival time

                      0.000000    0.000000    0.000000   clock clk (rise edge)
                                  0.000000    0.000000   clock network delay (ideal)
                                  0.250000    0.250000   clock uncertainty
                                  0.000000    0.250000   clock reconvergence pessimism
                                 -5.000000   -4.750000   output external delay
                                             -4.750000   data required time
---------------------------------------------------------------------------------------------
                                             -4.750000   data required time
                                             -5.158766   data arrival time
---------------------------------------------------------------------------------------------
                                              9.908766   slack (MET)



